/mnt/qb/work/butz/svolz67/dev/convLSTM/test
JOB DATA
JobId=1667668 ArrayJobId=1667668 ArrayTaskId=1 JobName=review.sh
   UserId=svolz67(4458) GroupId=butz(4032) MCS_label=N/A
   Priority=13634 Nice=0 Account=butz QOS=normal
   JobState=RUNNING Reason=None Dependency=(null)
   Requeue=1 Restarts=0 BatchFlag=1 Reboot=0 ExitCode=0:0
   RunTime=00:00:00 TimeLimit=3-00:00:00 TimeMin=N/A
   SubmitTime=2022-07-31T19:49:42 EligibleTime=2022-07-31T19:49:43
   AccrueTime=Unknown
   StartTime=2022-07-31T19:49:43 EndTime=2022-08-03T19:49:43 Deadline=N/A
   PreemptEligibleTime=2022-07-31T19:50:43 PreemptTime=None
   SuspendTime=None SecsPreSuspend=0 LastSchedEval=2022-07-31T19:49:43
   Partition=gpu-2080ti AllocNode:Sid=bg-slurmb-login1:29195
   ReqNodeList=(null) ExcNodeList=(null)
   NodeList=slurm-bm-34
   BatchHost=slurm-bm-34
   NumNodes=1 NumCPUs=8 NumTasks=1 CPUs/Task=1 ReqB:S:C:T=0:0:*:*
   TRES=cpu=8,mem=3G,node=1,billing=2,gres/gpu=1
   Socks/Node=* NtasksPerN:B:S:C=0:0:*:* CoreSpec=*
   MinCPUsNode=1 MinMemoryNode=3G MinTmpDiskNode=0
   Features=(null) DelayBoot=00:00:00
   OverSubscribe=OK Contiguous=0 Licenses=(null) Network=(null)
   Command=/mnt/qb/work/butz/svolz67/dev/convLSTM/test/review.sh
   WorkDir=/mnt/qb/work/butz/svolz67/dev/convLSTM/test
   StdErr=/mnt/qb/work/butz/svolz67/dev/convLSTM/test/svolz_1667668.err
   StdIn=/dev/null
   StdOut=/mnt/qb/work/butz/svolz67/dev/convLSTM/test/svolz_1667668.out
   Power=
   CpusPerTres=gpu:8
   TresPerNode=gpu:1
   MailUser=sebastian.volz@student.uni-tuebingen.de MailType=FAIL
   NtasksPerTRES:0

node:
slurm-bm-34.novalocal
RUN Script
baseline 1 1
baseline 1 2
baseline 1 3
lateral 0.5 1
lateral 0.5 2
lateral 0.5 3
lateral 1 1
lateral 1 2
lateral 1 3
lateral 2 1
lateral 2 2
lateral 2 3
twoLayer 0.5 1
twoLayer 0.5 2
twoLayer 0.5 3
twoLayer 1 1
twoLayer 1 2
twoLayer 1 3
twoLayer 2 1
twoLayer 2 2
twoLayer 2 3
skip 0.5 1
skip 0.5 2
skip 0.5 3
skip 1 1
skip 1 2
skip 1 3
skip 2 1
skip 2 2
skip 2 3
depthWise 1 1
depthWise 1 2
depthWise 1 3
depthWise 2 1
depthWise 2 2
depthWise 2 3
depthWise 4 1
depthWise 4 2
depthWise 4 3
