/mnt/qb/work/butz/svolz67/dev/convLSTM/test
JOB DATA
JobId=1668076 ArrayJobId=1668076 ArrayTaskId=1 JobName=review.sh
   UserId=svolz67(4458) GroupId=butz(4032) MCS_label=N/A
   Priority=13634 Nice=0 Account=butz QOS=normal
   JobState=RUNNING Reason=None Dependency=(null)
   Requeue=1 Restarts=0 BatchFlag=1 Reboot=0 ExitCode=0:0
   RunTime=00:00:01 TimeLimit=3-00:00:00 TimeMin=N/A
   SubmitTime=2022-08-01T09:18:59 EligibleTime=2022-08-01T09:18:59
   AccrueTime=Unknown
   StartTime=2022-08-01T09:18:59 EndTime=2022-08-04T09:18:59 Deadline=N/A
   PreemptEligibleTime=2022-08-01T09:19:59 PreemptTime=None
   SuspendTime=None SecsPreSuspend=0 LastSchedEval=2022-08-01T09:18:59
   Partition=gpu-2080ti AllocNode:Sid=bg-slurmb-login1:13061
   ReqNodeList=(null) ExcNodeList=(null)
   NodeList=slurm-bm-27
   BatchHost=slurm-bm-27
   NumNodes=1 NumCPUs=8 NumTasks=1 CPUs/Task=1 ReqB:S:C:T=0:0:*:*
   TRES=cpu=8,mem=3G,node=1,billing=2,gres/gpu=1
   Socks/Node=* NtasksPerN:B:S:C=0:0:*:* CoreSpec=*
   MinCPUsNode=1 MinMemoryNode=3G MinTmpDiskNode=0
   Features=(null) DelayBoot=00:00:00
   OverSubscribe=OK Contiguous=0 Licenses=(null) Network=(null)
   Command=/mnt/qb/work/butz/svolz67/dev/convLSTM/test/review.sh
   WorkDir=/mnt/qb/work/butz/svolz67/dev/convLSTM/test
   StdErr=/mnt/qb/work/butz/svolz67/dev/convLSTM/test/svolz_1668076.err
   StdIn=/dev/null
   StdOut=/mnt/qb/work/butz/svolz67/dev/convLSTM/test/svolz_1668076.out
   Power=
   CpusPerTres=gpu:8
   TresPerNode=gpu:1
   MailUser=sebastian.volz@student.uni-tuebingen.de MailType=FAIL
   NtasksPerTRES:0

node:
slurm-bm-27.novalocal
RUN Script
